Versione di MSBuild 17.13.15+18b3035f6 per .NET Framework

  cms_core.vcxproj -> C:\Users\chimi\Desktop\Programmazione\Watcher\build\src\core\Debug\cms_core.lib
  cms_platform.vcxproj -> C:\Users\chimi\Desktop\Programmazione\Watcher\build\src\platform\Debug\cms_platform.lib
  cms_client.vcxproj -> C:\Users\chimi\Desktop\Programmazione\Watcher\build\src\client\Debug\cms_client.exe
  gtest.vcxproj -> C:\Users\chimi\Desktop\Programmazione\Watcher\build\lib\Debug\gtest.lib
  gtest_main.vcxproj -> C:\Users\chimi\Desktop\Programmazione\Watcher\build\lib\Debug\gtest_main.lib
  cms_integration_tests.vcxproj -> C:\Users\chimi\Desktop\Programmazione\Watcher\build\tests\Debug\cms_integration_tests.exe
  Automatic MOC and UIC for target cms_master
RecordingPlayerWidget.obj : error LNK2001: unresolved external symbol "public: virtual struct QMetaObject const * __cdecl cms::ui::RecordingPlayerWidget::metaObject(void)const " (?metaObject@RecordingPlayerWidget@ui@cms@@UEBAPEBUQMetaObject@@XZ) [C:\Users\chimi\Desktop\Programmazione\Watcher\build\src\master\cms_master.vcxproj]
RecordingPlayerWidget.obj : error LNK2001: unresolved external symbol "public: virtual void * __cdecl cms::ui::RecordingPlayerWidget::qt_metacast(char const *)" (?qt_metacast@RecordingPlayerWidget@ui@cms@@UEAAPEAXPEBD@Z) [C:\Users\chimi\Desktop\Programmazione\Watcher\build\src\master\cms_master.vcxproj]
RecordingPlayerWidget.obj : error LNK2001: unresolved external symbol "public: virtual int __cdecl cms::ui::RecordingPlayerWidget::qt_metacall(enum QMetaObject::Call,int,void * *)" (?qt_metacall@RecordingPlayerWidget@ui@cms@@UEAAHW4Call@QMetaObject@@HPEAPEAX@Z) [C:\Users\chimi\Desktop\Programmazione\Watcher\build\src\master\cms_master.vcxproj]
RecordingPlayerWidget.obj : error LNK2019: unresolved external symbol "public: void __cdecl cms::ui::RecordingPlayerWidget::playbackStarted(void)" (?playbackStarted@RecordingPlayerWidget@ui@cms@@QEAAXXZ) referenced in function "public: void __cdecl cms::ui::RecordingPlayerWidget::play(void)" (?play@RecordingPlayerWidget@ui@cms@@QEAAXXZ) [C:\Users\chimi\Desktop\Programmazione\Watcher\build\src\master\cms_master.vcxproj]
RecordingPlayerWidget.obj : error LNK2019: unresolved external symbol "public: void __cdecl cms::ui::RecordingPlayerWidget::playbackPaused(void)" (?playbackPaused@RecordingPlayerWidget@ui@cms@@QEAAXXZ) referenced in function "public: void __cdecl cms::ui::RecordingPlayerWidget::pause(void)" (?pause@RecordingPlayerWidget@ui@cms@@QEAAXXZ) [C:\Users\chimi\Desktop\Programmazione\Watcher\build\src\master\cms_master.vcxproj]
RecordingPlayerWidget.obj : error LNK2019: unresolved external symbol "public: void __cdecl cms::ui::RecordingPlayerWidget::playbackStopped(void)" (?playbackStopped@RecordingPlayerWidget@ui@cms@@QEAAXXZ) referenced in function "public: void __cdecl cms::ui::RecordingPlayerWidget::stop(void)" (?stop@RecordingPlayerWidget@ui@cms@@QEAAXXZ) [C:\Users\chimi\Desktop\Programmazione\Watcher\build\src\master\cms_master.vcxproj]
RecordingPlayerWidget.obj : error LNK2019: unresolved external symbol "public: void __cdecl cms::ui::RecordingPlayerWidget::playbackFinished(void)" (?playbackFinished@RecordingPlayerWidget@ui@cms@@QEAAXXZ) referenced in function "private: void __cdecl cms::ui::RecordingPlayerWidget::onFrameReady(void)" (?onFrameReady@RecordingPlayerWidget@ui@cms@@AEAAXXZ) [C:\Users\chimi\Desktop\Programmazione\Watcher\build\src\master\cms_master.vcxproj]
RecordingPlayerWidget.obj : error LNK2019: unresolved external symbol "public: void __cdecl cms::ui::RecordingPlayerWidget::positionChanged(__int64)" (?positionChanged@RecordingPlayerWidget@ui@cms@@QEAAX_J@Z) referenced in function "public: void __cdecl cms::ui::RecordingPlayerWidget::seek(__int64)" (?seek@RecordingPlayerWidget@ui@cms@@QEAAX_J@Z) [C:\Users\chimi\Desktop\Programmazione\Watcher\build\src\master\cms_master.vcxproj]
RecordingPlayerWidget.obj : error LNK2019: unresolved external symbol "public: void __cdecl cms::ui::RecordingPlayerWidget::durationChanged(__int64)" (?durationChanged@RecordingPlayerWidget@ui@cms@@QEAAX_J@Z) referenced in function "public: bool __cdecl cms::ui::RecordingPlayerWidget::loadRecording(class QString const &)" (?loadRecording@RecordingPlayerWidget@ui@cms@@QEAA_NAEBVQString@@@Z) [C:\Users\chimi\Desktop\Programmazione\Watcher\build\src\master\cms_master.vcxproj]
RecordingPlayerWidget.obj : error LNK2019: unresolved external symbol "public: void __cdecl cms::ui::RecordingPlayerWidget::errorOccurred(class QString const &)" (?errorOccurred@RecordingPlayerWidget@ui@cms@@QEAAXAEBVQString@@@Z) referenced in function "public: bool __cdecl cms::ui::RecordingPlayerWidget::loadRecording(class QString const &)" (?loadRecording@RecordingPlayerWidget@ui@cms@@QEAA_NAEBVQString@@@Z) [C:\Users\chimi\Desktop\Programmazione\Watcher\build\src\master\cms_master.vcxproj]
RecordingPlayerWidget.obj : error LNK2001: unresolved external symbol "public: static struct QMetaObject const cms::ui::RecordingPlayerWidget::staticMetaObject" (?staticMetaObject@RecordingPlayerWidget@ui@cms@@2UQMetaObject@@B) [C:\Users\chimi\Desktop\Programmazione\Watcher\build\src\master\cms_master.vcxproj]
C:\Users\chimi\Desktop\Programmazione\Watcher\build\src\master\Debug\cms_master.exe : fatal error LNK1120: 11 unresolved externals [C:\Users\chimi\Desktop\Programmazione\Watcher\build\src\master\cms_master.vcxproj]
  Automatic MOC for target cms_unit_tests
  cms_unit_tests.vcxproj -> C:\Users\chimi\Desktop\Programmazione\Watcher\build\tests\Debug\cms_unit_tests.exe
  gmock.vcxproj -> C:\Users\chimi\Desktop\Programmazione\Watcher\build\lib\Debug\gmock.lib
  gmock_main.vcxproj -> C:\Users\chimi\Desktop\Programmazione\Watcher\build\lib\Debug\gmock_main.lib
